22:14:52 **** Auto Build of configuration Debug for project 7_vali_ba_6 ****
make all 
'Building file: ../src/main.c'
'Invoking: MicroBlaze gcc compiler'
mb-gcc -Wall -O0 -g3 -c -fmessage-length=0 -I../../7_vali_ba_6_bsp/microblaze_0/include -mxl-barrel-shift -mxl-pattern-compare -mcpu=v8.50.c -mno-xl-soft-mul -Wl,--no-relax -ffunction-sections -fdata-sections -MMD -MP -MF"src/main.d" -MT"src/main.d" -o "src/main.o" "../src/main.c"
'Finished building: ../src/main.c'
' '
'Building file: ../src/mpu6050.c'
'Invoking: MicroBlaze gcc compiler'
mb-gcc -Wall -O0 -g3 -c -fmessage-length=0 -I../../7_vali_ba_6_bsp/microblaze_0/include -mxl-barrel-shift -mxl-pattern-compare -mcpu=v8.50.c -mno-xl-soft-mul -Wl,--no-relax -ffunction-sections -fdata-sections -MMD -MP -MF"src/mpu6050.d" -MT"src/mpu6050.d" -o "src/mpu6050.o" "../src/mpu6050.c"
'Finished building: ../src/mpu6050.c'
' '
'Building file: ../src/platform.c'
'Invoking: MicroBlaze gcc compiler'
mb-gcc -Wall -O0 -g3 -c -fmessage-length=0 -I../../7_vali_ba_6_bsp/microblaze_0/include -mxl-barrel-shift -mxl-pattern-compare -mcpu=v8.50.c -mno-xl-soft-mul -Wl,--no-relax -ffunction-sections -fdata-sections -MMD -MP -MF"src/platform.d" -MT"src/platform.d" -o "src/platform.o" "../src/platform.c"
'Finished building: ../src/platform.c'
' '
'Building file: ../src/timer.c'
'Invoking: MicroBlaze gcc compiler'
mb-gcc -Wall -O0 -g3 -c -fmessage-length=0 -I../../7_vali_ba_6_bsp/microblaze_0/include -mxl-barrel-shift -mxl-pattern-compare -mcpu=v8.50.c -mno-xl-soft-mul -Wl,--no-relax -ffunction-sections -fdata-sections -MMD -MP -MF"src/timer.d" -MT"src/timer.d" -o "src/timer.o" "../src/timer.c"
'Finished building: ../src/timer.c'
' '
'Building file: ../src/usart.c'
'Invoking: MicroBlaze gcc compiler'
mb-gcc -Wall -O0 -g3 -c -fmessage-length=0 -I../../7_vali_ba_6_bsp/microblaze_0/include -mxl-barrel-shift -mxl-pattern-compare -mcpu=v8.50.c -mno-xl-soft-mul -Wl,--no-relax -ffunction-sections -fdata-sections -MMD -MP -MF"src/usart.d" -MT"src/usart.d" -o "src/usart.o" "../src/usart.c"
../src/usart.c: In function 'usart_putchar':
../src/usart.c:66:10: warning: unused variable 'status' [-Wunused-variable]
../src/usart.c:66:6: warning: unused variable 'i' [-Wunused-variable]
'Finished building: ../src/usart.c'
' '
'Building target: 7_vali_ba_6.elf'
'Invoking: MicroBlaze gcc linker'
mb-gcc -Wl,-T -Wl,../src/lscript.ld -L../../7_vali_ba_6_bsp/microblaze_0/lib -mxl-barrel-shift -mxl-pattern-compare -mcpu=v8.50.c -mno-xl-soft-mul -Wl,--no-relax -Wl,--gc-sections -o "7_vali_ba_6.elf"  ./src/delay.o ./src/i2c_simple.o ./src/led_k.o ./src/main.o ./src/mpu6050.o ./src/platform.o ./src/timer.o ./src/usart.o   -Wl,--start-group,-lxil,-lgcc,-lc,--end-group
'Finished building target: 7_vali_ba_6.elf'
' '
'Invoking: MicroBlaze Print Size'
mb-size 7_vali_ba_6.elf  |tee "7_vali_ba_6.elf.size"
   text	   data	    bss	    dec	    hex	filename
   4286	    268	   2092	   6646	   19f6	7_vali_ba_6.elf
'Finished building: 7_vali_ba_6.elf.size'
' '
'Invoking: Xilinx ELF Check'
elfcheck 7_vali_ba_6.elf -hw ../../6_board/system.xml -pe microblaze_0  |tee "7_vali_ba_6.elf.elfcheck"
elfcheck
Xilinx EDK 14.7 Build EDK_P.20131013
Copyright (c) 1995-2012 Xilinx, Inc.  All rights reserved.

Command Line: elfcheck -hw ../../6_board/system.xml -pe microblaze_0
7_vali_ba_6.elf 

ELF file	: 7_vali_ba_6.elf
elfcheck passed.
'Finished building: 7_vali_ba_6.elf.elfcheck'
' '

22:14:55 Build Finished (took 2s.792ms)

