16:12:05 **** Build of configuration Debug for project ada ****
make all 
'Building file: ../src/usart_v1_00_a/src/usart.c'
'Invoking: MicroBlaze gcc compiler'
mb-gcc -Wall -O0 -g3 -c -fmessage-length=0 -I../../ada_bsp/microblaze_0/include -mxl-barrel-shift -mxl-pattern-compare -mcpu=v8.50.c -mno-xl-soft-mul -Wl,--no-relax -ffunction-sections -fdata-sections -MMD -MP -MF"src/usart_v1_00_a/src/usart.d" -MT"src/usart_v1_00_a/src/usart.d" -o "src/usart_v1_00_a/src/usart.o" "../src/usart_v1_00_a/src/usart.c"
'Finished building: ../src/usart_v1_00_a/src/usart.c'
' '
'Building file: ../src/main.c'
'Invoking: MicroBlaze gcc compiler'
mb-gcc -Wall -O0 -g3 -c -fmessage-length=0 -I../../ada_bsp/microblaze_0/include -mxl-barrel-shift -mxl-pattern-compare -mcpu=v8.50.c -mno-xl-soft-mul -Wl,--no-relax -ffunction-sections -fdata-sections -MMD -MP -MF"src/main.d" -MT"src/main.d" -o "src/main.o" "../src/main.c"
'Finished building: ../src/main.c'
' '
'Building target: ada.elf'
'Invoking: MicroBlaze gcc linker'
mb-gcc -Wl,-T -Wl,../src/lscript.ld -L../../ada_bsp/microblaze_0/lib -mxl-barrel-shift -mxl-pattern-compare -mcpu=v8.50.c -mno-xl-soft-mul -Wl,--no-relax -Wl,--gc-sections -o "ada.elf"  ./src/usart_v1_00_a/src/usart.o  ./src/main.o   -Wl,--start-group,-lxil,-lgcc,-lc,--end-group
'Finished building target: ada.elf'
' '
'Invoking: MicroBlaze Print Size'
mb-size ada.elf  |tee "ada.elf.size"
   text	   data	    bss	    dec	    hex	filename
   2270	    268	   2084	   4622	   120e	ada.elf
'Finished building: ada.elf.size'
' '
'Invoking: Xilinx ELF Check'
elfcheck ada.elf -hw ../../asdasdasd/system.xml -pe microblaze_0  |tee "ada.elf.elfcheck"
elfcheck
Xilinx EDK 14.7 Build EDK_P.20131013
Copyright (c) 1995-2012 Xilinx, Inc.  All rights reserved.

Command Line: elfcheck -hw ../../asdasdasd/system.xml -pe microblaze_0 ada.elf 

ELF file	: ada.elf
elfcheck passed.
'Finished building: ada.elf.elfcheck'
' '

16:12:06 Build Finished (took 1s.490ms)

