19:16:03 **** Auto Build of configuration Debug for project axi2 ****
make all 
'Building file: ../src/helloworld.c'
'Invoking: MicroBlaze gcc compiler'
mb-gcc -Wall -O0 -g3 -c -fmessage-length=0 -I../../axi2_bsp/microblaze_0/include -mlittle-endian -mxl-barrel-shift -mxl-pattern-compare -mcpu=v8.50.c -mno-xl-soft-mul -Wl,--no-relax -ffunction-sections -fdata-sections -MMD -MP -MF"src/helloworld.d" -MT"src/helloworld.d" -o "src/helloworld.o" "../src/helloworld.c"
'Finished building: ../src/helloworld.c'
' '
'Building target: axi2.elf'
'Invoking: MicroBlaze gcc linker'
mb-gcc -Wl,-T -Wl,../src/lscript.ld -L../../axi2_bsp/microblaze_0/lib -mlittle-endian -mxl-barrel-shift -mxl-pattern-compare -mcpu=v8.50.c -mno-xl-soft-mul -Wl,--no-relax -Wl,--gc-sections -o "axi2.elf"  ./src/usart_v5_00_a/src/usart.o  ./src/my_libs/delay.o ./src/my_libs/i2c_simple.o ./src/my_libs/led.o ./src/my_libs/main.o ./src/my_libs/mpu6050.o ./src/my_libs/platform.o ./src/my_libs/usart.o  ./src/helloworld.o   -Wl,--start-group,-lxil,-lgcc,-lc,--end-group
'Finished building target: axi2.elf'
' '
'Invoking: MicroBlaze Print Size'
mb-size axi2.elf  |tee "axi2.elf.size"
   text	   data	    bss	    dec	    hex	filename
   1814	    268	   2084	   4166	   1046	axi2.elf
'Finished building: axi2.elf.size'
' '
'Invoking: Xilinx ELF Check'
elfcheck axi2.elf -hw ../../first_axi_prj/system.xml -pe microblaze_0  |tee "axi2.elf.elfcheck"
elfcheck
Xilinx EDK 14.7 Build EDK_P.20131013
Copyright (c) 1995-2012 Xilinx, Inc.  All rights reserved.

Command Line: elfcheck -hw ../../first_axi_prj/system.xml -pe microblaze_0
axi2.elf 

ELF file	: axi2.elf
elfcheck passed.
'Finished building: axi2.elf.elfcheck'
' '

19:16:04 Build Finished (took 1s.338ms)

