18:58:24 **** Auto Build of configuration Debug for project bas_beshe_1 ****
make all 
'Building file: ../src/src/timer.c'
'Invoking: MicroBlaze gcc compiler'
mb-gcc -Wall -O0 -g3 -c -fmessage-length=0 -I../../bas_beshe_1_bsp/microblaze_0/include -mlittle-endian -mxl-barrel-shift -mxl-pattern-compare -mcpu=v8.50.c -mno-xl-soft-mul -Wl,--no-relax -ffunction-sections -fdata-sections -MMD -MP -MF"src/src/timer.d" -MT"src/src/timer.d" -o "src/src/timer.o" "../src/src/timer.c"
'Finished building: ../src/src/timer.c'
' '
'Building target: bas_beshe_1.elf'
'Invoking: MicroBlaze gcc linker'
mb-gcc -Wl,-T -Wl,../src/lscript.ld -L../../bas_beshe_1_bsp/microblaze_0/lib -mlittle-endian -mxl-barrel-shift -mxl-pattern-compare -mcpu=v8.50.c -mno-xl-soft-mul -Wl,--no-relax -Wl,--gc-sections -o "bas_beshe_1.elf"  ./src/src/delay.o ./src/src/i2c.o ./src/src/led.o ./src/src/mpu6050.o ./src/src/timer.o ./src/src/usart.o  ./src/helloworld.o ./src/platform.o   -Wl,--start-group,-lxil,-lgcc,-lc,--end-group
'Finished building target: bas_beshe_1.elf'
' '
'Invoking: MicroBlaze Print Size'
mb-size bas_beshe_1.elf  |tee "bas_beshe_1.elf.size"
   text	   data	    bss	    dec	    hex	filename
   5756	    268	   2096	   8120	   1fb8	bas_beshe_1.elf
'Finished building: bas_beshe_1.elf.size'
' '
'Invoking: Xilinx ELF Check'
elfcheck bas_beshe_1.elf -hw ../../basbeshe_1/system.xml -pe microblaze_0  |tee "bas_beshe_1.elf.elfcheck"
elfcheck
Xilinx EDK 14.7 Build EDK_P.20131013
Copyright (c) 1995-2012 Xilinx, Inc.  All rights reserved.

Command Line: elfcheck -hw ../../basbeshe_1/system.xml -pe microblaze_0
bas_beshe_1.elf 

ELF file	: bas_beshe_1.elf
elfcheck passed.
'Finished building: bas_beshe_1.elf.elfcheck'
' '

18:58:25 Build Finished (took 1s.336ms)

