00:54:19 **** Build of configuration Debug for project nemidoonm2_ ****
make all 
'Building file: ../src/src/led.c'
'Invoking: MicroBlaze gcc compiler'
mb-gcc -Wall -O0 -g3 -c -fmessage-length=0 -I../../nemidoonm2__bsp/microblaze_0/include -mlittle-endian -mxl-barrel-shift -mxl-pattern-compare -mcpu=v8.50.c -mno-xl-soft-mul -Wl,--no-relax -ffunction-sections -fdata-sections -MMD -MP -MF"src/src/led.d" -MT"src/src/led.d" -o "src/src/led.o" "../src/src/led.c"
'Finished building: ../src/src/led.c'
' '
'Building file: ../src/helloworld.c'
'Invoking: MicroBlaze gcc compiler'
mb-gcc -Wall -O0 -g3 -c -fmessage-length=0 -I../../nemidoonm2__bsp/microblaze_0/include -mlittle-endian -mxl-barrel-shift -mxl-pattern-compare -mcpu=v8.50.c -mno-xl-soft-mul -Wl,--no-relax -ffunction-sections -fdata-sections -MMD -MP -MF"src/helloworld.d" -MT"src/helloworld.d" -o "src/helloworld.o" "../src/helloworld.c"
'Finished building: ../src/helloworld.c'
' '
'Building file: ../src/platform.c'
'Invoking: MicroBlaze gcc compiler'
mb-gcc -Wall -O0 -g3 -c -fmessage-length=0 -I../../nemidoonm2__bsp/microblaze_0/include -mlittle-endian -mxl-barrel-shift -mxl-pattern-compare -mcpu=v8.50.c -mno-xl-soft-mul -Wl,--no-relax -ffunction-sections -fdata-sections -MMD -MP -MF"src/platform.d" -MT"src/platform.d" -o "src/platform.o" "../src/platform.c"
'Finished building: ../src/platform.c'
' '
'Building target: nemidoonm2_.elf'
'Invoking: MicroBlaze gcc linker'
mb-gcc -Wl,-T -Wl,../src/lscript.ld -L../../nemidoonm2__bsp/microblaze_0/lib -mlittle-endian -mxl-barrel-shift -mxl-pattern-compare -mcpu=v8.50.c -mno-xl-soft-mul -Wl,--no-relax -Wl,--gc-sections -o "nemidoonm2_.elf"  ./src/src/led.o  ./src/helloworld.o ./src/platform.o   -Wl,--start-group,-lxil,-lgcc,-lc,--end-group
'Finished building target: nemidoonm2_.elf'
' '
'Invoking: MicroBlaze Print Size'
mb-size nemidoonm2_.elf  |tee "nemidoonm2_.elf.size"
   text	   data	    bss	    dec	    hex	filename
   1834	    268	   2090	   4192	   1060	nemidoonm2_.elf
'Finished building: nemidoonm2_.elf.size'
' '
'Invoking: Xilinx ELF Check'
elfcheck nemidoonm2_.elf -hw ../../nemidonm2/system.xml -pe microblaze_0  |tee "nemidoonm2_.elf.elfcheck"
elfcheck
Xilinx EDK 14.7 Build EDK_P.20131013
Copyright (c) 1995-2012 Xilinx, Inc.  All rights reserved.

Command Line: elfcheck -hw ../../nemidonm2/system.xml -pe microblaze_0
nemidoonm2_.elf 

ELF file	: nemidoonm2_.elf
elfcheck passed.
'Finished building: nemidoonm2_.elf.elfcheck'
' '

00:54:21 Build Finished (took 1s.640ms)

