03:35:39 **** Build of configuration Debug for project the_one_sh_work_1 ****
make all 
'Building file: ../src/helloworld.c'
'Invoking: MicroBlaze gcc compiler'
mb-gcc -Wall -O0 -g3 -c -fmessage-length=0 -I../../the_one_sh_work_1_bsp/microblaze_0/include -mxl-barrel-shift -mxl-pattern-compare -mcpu=v8.50.c -mno-xl-soft-mul -Wl,--no-relax -ffunction-sections -fdata-sections -MMD -MP -MF"src/helloworld.d" -MT"src/helloworld.d" -o "src/helloworld.o" "../src/helloworld.c"
'Finished building: ../src/helloworld.c'
' '
'Building file: ../src/platform.c'
'Invoking: MicroBlaze gcc compiler'
mb-gcc -Wall -O0 -g3 -c -fmessage-length=0 -I../../the_one_sh_work_1_bsp/microblaze_0/include -mxl-barrel-shift -mxl-pattern-compare -mcpu=v8.50.c -mno-xl-soft-mul -Wl,--no-relax -ffunction-sections -fdata-sections -MMD -MP -MF"src/platform.d" -MT"src/platform.d" -o "src/platform.o" "../src/platform.c"
'Finished building: ../src/platform.c'
' '
'Building file: ../src/usart.c'
'Invoking: MicroBlaze gcc compiler'
mb-gcc -Wall -O0 -g3 -c -fmessage-length=0 -I../../the_one_sh_work_1_bsp/microblaze_0/include -mxl-barrel-shift -mxl-pattern-compare -mcpu=v8.50.c -mno-xl-soft-mul -Wl,--no-relax -ffunction-sections -fdata-sections -MMD -MP -MF"src/usart.d" -MT"src/usart.d" -o "src/usart.o" "../src/usart.c"
'Finished building: ../src/usart.c'
' '
'Building file: ../src/usart_selftest.c'
'Invoking: MicroBlaze gcc compiler'
mb-gcc -Wall -O0 -g3 -c -fmessage-length=0 -I../../the_one_sh_work_1_bsp/microblaze_0/include -mxl-barrel-shift -mxl-pattern-compare -mcpu=v8.50.c -mno-xl-soft-mul -Wl,--no-relax -ffunction-sections -fdata-sections -MMD -MP -MF"src/usart_selftest.d" -MT"src/usart_selftest.d" -o "src/usart_selftest.o" "../src/usart_selftest.c"
../src/usart_selftest.c: In function 'USART_SelfTest':
../src/usart_selftest.c:45:11: warning: unused variable 'Reg16Value' [-Wunused-variable]
../src/usart_selftest.c:44:11: warning: unused variable 'Reg8Value' [-Wunused-variable]
../src/usart_selftest.c:42:11: warning: unused variable 'Index' [-Wunused-variable]
'Finished building: ../src/usart_selftest.c'
' '
'Building target: the_one_sh_work_1.elf'
'Invoking: MicroBlaze gcc linker'
mb-gcc -Wl,-T -Wl,../src/lscript.ld -L../../the_one_sh_work_1_bsp/microblaze_0/lib -mxl-barrel-shift -mxl-pattern-compare -mcpu=v8.50.c -mno-xl-soft-mul -Wl,--no-relax -Wl,--gc-sections -o "the_one_sh_work_1.elf"  ./src/helloworld.o ./src/platform.o ./src/usart.o ./src/usart_selftest.o   -Wl,--start-group,-lxil,-lgcc,-lc,--end-group
'Finished building target: the_one_sh_work_1.elf'
' '
'Invoking: MicroBlaze Print Size'
mb-size the_one_sh_work_1.elf  |tee "the_one_sh_work_1.elf.size"
   text	   data	    bss	    dec	    hex	filename
   2270	    268	   2084	   4622	   120e	the_one_sh_work_1.elf
'Finished building: the_one_sh_work_1.elf.size'
' '
'Invoking: Xilinx ELF Check'
elfcheck the_one_sh_work_1.elf -hw ../../the_one_that_shoud_work_1/system.xml -pe microblaze_0  |tee "the_one_sh_work_1.elf.elfcheck"
elfcheck
Xilinx EDK 14.7 Build EDK_P.20131013
Copyright (c) 1995-2012 Xilinx, Inc.  All rights reserved.

Command Line: elfcheck -hw ../../the_one_that_shoud_work_1/system.xml -pe
microblaze_0 the_one_sh_work_1.elf 

ELF file	: the_one_sh_work_1.elf
elfcheck passed.
'Finished building: the_one_sh_work_1.elf.elfcheck'
' '

03:35:41 Build Finished (took 1s.838ms)

