17:45:51 **** Auto Build of configuration Debug for project the_one_worked_4 ****
make all 
'Building file: ../src/i2c_simple.c'
'Invoking: MicroBlaze gcc compiler'
mb-gcc -Wall -O0 -g3 -IC:/Users/ali/workspace_fpga_sdk/the_one_worked_4_bsp/microblaze_0/include -c -fmessage-length=0 -mxl-barrel-shift -mxl-pattern-compare -mcpu=v8.50.c -mno-xl-soft-mul -Wl,--no-relax -ffunction-sections -fdata-sections -MMD -MP -MF"src/i2c_simple.d" -MT"src/i2c_simple.d" -o "src/i2c_simple.o" "../src/i2c_simple.c"
'Finished building: ../src/i2c_simple.c'
' '
'Building target: the_one_worked_4.elf'
'Invoking: MicroBlaze gcc linker'
mb-gcc -Wl,-T -Wl,../src/lscript.ld -mxl-barrel-shift -mxl-pattern-compare -mcpu=v8.50.c -mno-xl-soft-mul -Wl,--no-relax -Wl,--gc-sections -o "the_one_worked_4.elf"  ./src/delay.o ./src/i2c_simple.o ./src/led_k.o ./src/main.o ./src/platform.o ./src/usart.o   
'Finished building target: the_one_worked_4.elf'
' '
'Invoking: MicroBlaze Print Size'
mb-size the_one_worked_4.elf  |tee "the_one_worked_4.elf.size"
   text	   data	    bss	    dec	    hex	filename
   1754	    260	   2090	   4104	   1008	the_one_worked_4.elf
'Finished building: the_one_worked_4.elf.size'
' '
'Invoking: Xilinx ELF Check'
elfcheck the_one_worked_4.elf -hw ../../the_worke_4_prj/system.xml -pe microblaze_0  |tee "the_one_worked_4.elf.elfcheck"
elfcheck
Xilinx EDK 14.7 Build EDK_P.20131013
Copyright (c) 1995-2012 Xilinx, Inc.  All rights reserved.

Command Line: elfcheck -hw ../../the_worke_4_prj/system.xml -pe microblaze_0
the_one_worked_4.elf 

ELF file	: the_one_worked_4.elf
elfcheck passed.
'Finished building: the_one_worked_4.elf.elfcheck'
' '

17:45:52 Build Finished (took 1s.340ms)

