05:15:38 **** Build of configuration Debug for project the_one_that_worked_3 ****
make all 
'Building file: ../src/helloworld.c'
'Invoking: MicroBlaze gcc compiler'
mb-gcc -Wall -O0 -g3 -c -fmessage-length=0 -I../../the_one_that_worked_3_bsp/microblaze_0/include -mxl-barrel-shift -mxl-pattern-compare -mcpu=v8.50.c -mno-xl-soft-mul -Wl,--no-relax -ffunction-sections -fdata-sections -MMD -MP -MF"src/helloworld.d" -MT"src/helloworld.d" -o "src/helloworld.o" "../src/helloworld.c"
../src/helloworld.c: In function 'main':
../src/helloworld.c:51:6: warning: unused variable 'i' [-Wunused-variable]
../src/helloworld.c:50:11: warning: unused variable 'status' [-Wunused-variable]
../src/helloworld.c: In function 'usart_putchar':
../src/helloworld.c:60:6: warning: unused variable 'i' [-Wunused-variable]
'Finished building: ../src/helloworld.c'
' '
'Building file: ../src/led_k.c'
'Invoking: MicroBlaze gcc compiler'
mb-gcc -Wall -O0 -g3 -c -fmessage-length=0 -I../../the_one_that_worked_3_bsp/microblaze_0/include -mxl-barrel-shift -mxl-pattern-compare -mcpu=v8.50.c -mno-xl-soft-mul -Wl,--no-relax -ffunction-sections -fdata-sections -MMD -MP -MF"src/led_k.d" -MT"src/led_k.d" -o "src/led_k.o" "../src/led_k.c"
'Finished building: ../src/led_k.c'
' '
'Building file: ../src/platform.c'
'Invoking: MicroBlaze gcc compiler'
mb-gcc -Wall -O0 -g3 -c -fmessage-length=0 -I../../the_one_that_worked_3_bsp/microblaze_0/include -mxl-barrel-shift -mxl-pattern-compare -mcpu=v8.50.c -mno-xl-soft-mul -Wl,--no-relax -ffunction-sections -fdata-sections -MMD -MP -MF"src/platform.d" -MT"src/platform.d" -o "src/platform.o" "../src/platform.c"
'Finished building: ../src/platform.c'
' '
'Building file: ../src/usart.c'
'Invoking: MicroBlaze gcc compiler'
mb-gcc -Wall -O0 -g3 -c -fmessage-length=0 -I../../the_one_that_worked_3_bsp/microblaze_0/include -mxl-barrel-shift -mxl-pattern-compare -mcpu=v8.50.c -mno-xl-soft-mul -Wl,--no-relax -ffunction-sections -fdata-sections -MMD -MP -MF"src/usart.d" -MT"src/usart.d" -o "src/usart.o" "../src/usart.c"
'Finished building: ../src/usart.c'
' '
'Building target: the_one_that_worked_3.elf'
'Invoking: MicroBlaze gcc linker'
mb-gcc -Wl,-T -Wl,../src/lscript.ld -L../../the_one_that_worked_3_bsp/microblaze_0/lib -mxl-barrel-shift -mxl-pattern-compare -mcpu=v8.50.c -mno-xl-soft-mul -Wl,--no-relax -Wl,--gc-sections -o "the_one_that_worked_3.elf"  ./src/helloworld.o ./src/led_k.o ./src/platform.o ./src/usart.o   -Wl,--start-group,-lxil,-lgcc,-lc,--end-group
'Finished building target: the_one_that_worked_3.elf'
' '
'Invoking: MicroBlaze Print Size'
mb-size the_one_that_worked_3.elf  |tee "the_one_that_worked_3.elf.size"
   text	   data	    bss	    dec	    hex	filename
   2298	    268	   2090	   4656	   1230	the_one_that_worked_3.elf
'Finished building: the_one_that_worked_3.elf.size'
' '
'Invoking: Xilinx ELF Check'
elfcheck the_one_that_worked_3.elf -hw ../../the_one_that_worked_3_prj/system.xml -pe microblaze_0  |tee "the_one_that_worked_3.elf.elfcheck"
elfcheck
Xilinx EDK 14.7 Build EDK_P.20131013
Copyright (c) 1995-2012 Xilinx, Inc.  All rights reserved.

Command Line: elfcheck -hw ../../the_one_that_worked_3_prj/system.xml -pe
microblaze_0 the_one_that_worked_3.elf 

ELF file	: the_one_that_worked_3.elf
elfcheck passed.
'Finished building: the_one_that_worked_3.elf.elfcheck'
' '

05:15:40 Build Finished (took 1s.938ms)

