02:51:37 **** Build of configuration Debug for project work_5 ****
make all 
'Building file: ../src/delay.c'
'Invoking: MicroBlaze gcc compiler'
mb-gcc -Wall -O0 -g3 -c -fmessage-length=0 -I../../work_5_bsp/microblaze_0/include -mxl-barrel-shift -mxl-pattern-compare -mcpu=v8.50.c -mno-xl-soft-mul -Wl,--no-relax -ffunction-sections -fdata-sections -MMD -MP -MF"src/delay.d" -MT"src/delay.d" -o "src/delay.o" "../src/delay.c"
'Finished building: ../src/delay.c'
' '
'Building file: ../src/i2c_simple.c'
'Invoking: MicroBlaze gcc compiler'
mb-gcc -Wall -O0 -g3 -c -fmessage-length=0 -I../../work_5_bsp/microblaze_0/include -mxl-barrel-shift -mxl-pattern-compare -mcpu=v8.50.c -mno-xl-soft-mul -Wl,--no-relax -ffunction-sections -fdata-sections -MMD -MP -MF"src/i2c_simple.d" -MT"src/i2c_simple.d" -o "src/i2c_simple.o" "../src/i2c_simple.c"
'Finished building: ../src/i2c_simple.c'
' '
'Building file: ../src/led_k.c'
'Invoking: MicroBlaze gcc compiler'
mb-gcc -Wall -O0 -g3 -c -fmessage-length=0 -I../../work_5_bsp/microblaze_0/include -mxl-barrel-shift -mxl-pattern-compare -mcpu=v8.50.c -mno-xl-soft-mul -Wl,--no-relax -ffunction-sections -fdata-sections -MMD -MP -MF"src/led_k.d" -MT"src/led_k.d" -o "src/led_k.o" "../src/led_k.c"
'Finished building: ../src/led_k.c'
' '
'Building file: ../src/main.c'
'Invoking: MicroBlaze gcc compiler'
mb-gcc -Wall -O0 -g3 -c -fmessage-length=0 -I../../work_5_bsp/microblaze_0/include -mxl-barrel-shift -mxl-pattern-compare -mcpu=v8.50.c -mno-xl-soft-mul -Wl,--no-relax -ffunction-sections -fdata-sections -MMD -MP -MF"src/main.d" -MT"src/main.d" -o "src/main.o" "../src/main.c"
'Finished building: ../src/main.c'
' '
'Building file: ../src/mpu6050.c'
'Invoking: MicroBlaze gcc compiler'
mb-gcc -Wall -O0 -g3 -c -fmessage-length=0 -I../../work_5_bsp/microblaze_0/include -mxl-barrel-shift -mxl-pattern-compare -mcpu=v8.50.c -mno-xl-soft-mul -Wl,--no-relax -ffunction-sections -fdata-sections -MMD -MP -MF"src/mpu6050.d" -MT"src/mpu6050.d" -o "src/mpu6050.o" "../src/mpu6050.c"
'Finished building: ../src/mpu6050.c'
' '
'Building file: ../src/platform.c'
'Invoking: MicroBlaze gcc compiler'
mb-gcc -Wall -O0 -g3 -c -fmessage-length=0 -I../../work_5_bsp/microblaze_0/include -mxl-barrel-shift -mxl-pattern-compare -mcpu=v8.50.c -mno-xl-soft-mul -Wl,--no-relax -ffunction-sections -fdata-sections -MMD -MP -MF"src/platform.d" -MT"src/platform.d" -o "src/platform.o" "../src/platform.c"
'Finished building: ../src/platform.c'
' '
'Building file: ../src/usart.c'
'Invoking: MicroBlaze gcc compiler'
mb-gcc -Wall -O0 -g3 -c -fmessage-length=0 -I../../work_5_bsp/microblaze_0/include -mxl-barrel-shift -mxl-pattern-compare -mcpu=v8.50.c -mno-xl-soft-mul -Wl,--no-relax -ffunction-sections -fdata-sections -MMD -MP -MF"src/usart.d" -MT"src/usart.d" -o "src/usart.o" "../src/usart.c"
../src/usart.c: In function 'usart_putchar':
../src/usart.c:66:10: warning: unused variable 'status' [-Wunused-variable]
../src/usart.c:66:6: warning: unused variable 'i' [-Wunused-variable]
'Finished building: ../src/usart.c'
' '
'Building target: work_5.elf'
'Invoking: MicroBlaze gcc linker'
mb-gcc -Wl,-T -Wl,../src/lscript.ld -L../../work_5_bsp/microblaze_0/lib -mxl-barrel-shift -mxl-pattern-compare -mcpu=v8.50.c -mno-xl-soft-mul -Wl,--no-relax -Wl,--gc-sections -o "work_5.elf"  ./src/delay.o ./src/i2c_simple.o ./src/led_k.o ./src/main.o ./src/mpu6050.o ./src/platform.o ./src/usart.o   -Wl,--start-group,-lxil,-lgcc,-lc,--end-group
'Finished building target: work_5.elf'
' '
'Invoking: MicroBlaze Print Size'
mb-size work_5.elf  |tee "work_5.elf.size"
   text	   data	    bss	    dec	    hex	filename
   4286	    268	   2092	   6646	   19f6	work_5.elf
'Finished building: work_5.elf.size'
' '
'Invoking: Xilinx ELF Check'
elfcheck work_5.elf -hw ../../work_5_board/system.xml -pe microblaze_0  |tee "work_5.elf.elfcheck"
elfcheck
Xilinx EDK 14.7 Build EDK_P.20131013
Copyright (c) 1995-2012 Xilinx, Inc.  All rights reserved.

Command Line: elfcheck -hw ../../work_5_board/system.xml -pe microblaze_0
work_5.elf 

ELF file	: work_5.elf
elfcheck passed.
'Finished building: work_5.elf.elfcheck'
' '

02:51:40 Build Finished (took 2s.340ms)

